Archive member included because of file (symbol)

../../PlatformDrv/Release\libPlatformDrv.a(font6x8.o)
                              test.o (_ZN3LCD7font6x8E)
../../PlatformDrv/Release\libPlatformDrv.a(font8x14.o)
                              test.o (_ZN3LCD8font8x14E)
../../PlatformDrv/Release\libPlatformDrv.a(fonts.o)
                              test.o (_ZN3LCD6PutStrEhhPKcRKNS_4fontEhh)
../../PlatformDrv/Release\libPlatformDrv.a(LcdDrv.o)
                              ../../PlatformDrv/Release\libPlatformDrv.a(font6x8.o) (_ZN3LCD5send8Eh)
../../PlatformDrv/Release\libPlatformDrv.a(PlatformDrv.o)
                              c:/program files (x86)/atmel/atmel toolchain/avr8 gcc/native/3.4.1061/avr8-gnu-toolchain/bin/../lib/gcc/avr/4.8.1/../../../../avr/lib/avr5/crtm32.o (main)
../../PlatformDrv/Release\libPlatformDrv.a(OS_Target_asm.o)
                              ../../PlatformDrv/Release\libPlatformDrv.a(PlatformDrv.o) (os_start)
../../PlatformDrv/Release\libPlatformDrv.a(OS_Target_cpp.o)
                              ../../PlatformDrv/Release\libPlatformDrv.a(LcdDrv.o) (_ZN2OS12TBaseProcess16init_stack_frameEPhPFvvE)
../../PlatformDrv/Release\libPlatformDrv.a(OS_Kernel.o)
                              ../../PlatformDrv/Release\libPlatformDrv.a(PlatformDrv.o) (_ZN2OS7TKernel5schedEv)
../../PlatformDrv/Release\libPlatformDrv.a(OS_Services.o)
                              ../../PlatformDrv/Release\libPlatformDrv.a(PlatformDrv.o) (_ZN2OS8TService10resume_allERVh)
../../PlatformDrv/Release\libPlatformDrv.a(usrlib.o)
                              ../../PlatformDrv/Release\libPlatformDrv.a(OS_Services.o) (_ZN3usr5TCbuf5writeEPKhh)
c:/program files (x86)/atmel/atmel toolchain/avr8 gcc/native/3.4.1061/avr8-gnu-toolchain/bin/../lib/gcc/avr/4.8.1/avr5\libgcc.a(_exit.o)
                              c:/program files (x86)/atmel/atmel toolchain/avr8 gcc/native/3.4.1061/avr8-gnu-toolchain/bin/../lib/gcc/avr/4.8.1/../../../../avr/lib/avr5/crtm32.o (exit)
c:/program files (x86)/atmel/atmel toolchain/avr8 gcc/native/3.4.1061/avr8-gnu-toolchain/bin/../lib/gcc/avr/4.8.1/avr5\libgcc.a(_copy_data.o)
                              ../../PlatformDrv/Release\libPlatformDrv.a(font6x8.o) (__do_copy_data)
c:/program files (x86)/atmel/atmel toolchain/avr8 gcc/native/3.4.1061/avr8-gnu-toolchain/bin/../lib/gcc/avr/4.8.1/avr5\libgcc.a(_clear_bss.o)
                              ../../PlatformDrv/Release\libPlatformDrv.a(LcdDrv.o) (__do_clear_bss)
c:/program files (x86)/atmel/atmel toolchain/avr8 gcc/native/3.4.1061/avr8-gnu-toolchain/bin/../lib/gcc/avr/4.8.1/avr5\libgcc.a(_ctors.o)
                              ../../PlatformDrv/Release\libPlatformDrv.a(LcdDrv.o) (__do_global_ctors)
c:/program files (x86)/atmel/atmel toolchain/avr8 gcc/native/3.4.1061/avr8-gnu-toolchain/bin/../lib/gcc/avr/4.8.1/avr5\libgcc.a(_tablejump.o)
                              c:/program files (x86)/atmel/atmel toolchain/avr8 gcc/native/3.4.1061/avr8-gnu-toolchain/bin/../lib/gcc/avr/4.8.1/avr5\libgcc.a(_ctors.o) (__tablejump__)

Discarded input sections

 .data          0x00000000        0x0 c:/program files (x86)/atmel/atmel toolchain/avr8 gcc/native/3.4.1061/avr8-gnu-toolchain/bin/../lib/gcc/avr/4.8.1/../../../../avr/lib/avr5/crtm32.o
 .bss           0x00000000        0x0 c:/program files (x86)/atmel/atmel toolchain/avr8 gcc/native/3.4.1061/avr8-gnu-toolchain/bin/../lib/gcc/avr/4.8.1/../../../../avr/lib/avr5/crtm32.o
 .text          0x00000000        0x0 test.o
 .data          0x00000000        0x0 test.o
 .bss           0x00000000        0x0 test.o
 .text          0x00000000        0x0 ../../PlatformDrv/Release\libPlatformDrv.a(font6x8.o)
 .data          0x00000000        0x0 ../../PlatformDrv/Release\libPlatformDrv.a(font6x8.o)
 .bss           0x00000000        0x0 ../../PlatformDrv/Release\libPlatformDrv.a(font6x8.o)
 .text._Z14put_char6x8_16hhcjj
                0x00000000       0xd2 ../../PlatformDrv/Release\libPlatformDrv.a(font6x8.o)
 .text._Z17put_char6x8_16BGLhhcj
                0x00000000       0xc6 ../../PlatformDrv/Release\libPlatformDrv.a(font6x8.o)
 .text          0x00000000        0x0 ../../PlatformDrv/Release\libPlatformDrv.a(font8x14.o)
 .data          0x00000000        0x0 ../../PlatformDrv/Release\libPlatformDrv.a(font8x14.o)
 .bss           0x00000000        0x0 ../../PlatformDrv/Release\libPlatformDrv.a(font8x14.o)
 .text._Z15put_char8x14_16hhcjj
                0x00000000       0x94 ../../PlatformDrv/Release\libPlatformDrv.a(font8x14.o)
 .text._Z18put_char8x14_16BGLhhcj
                0x00000000       0x88 ../../PlatformDrv/Release\libPlatformDrv.a(font8x14.o)
 .text          0x00000000        0x0 ../../PlatformDrv/Release\libPlatformDrv.a(fonts.o)
 .data          0x00000000        0x0 ../../PlatformDrv/Release\libPlatformDrv.a(fonts.o)
 .bss           0x00000000        0x0 ../../PlatformDrv/Release\libPlatformDrv.a(fonts.o)
 .text._Z6PutStrhPKcRKN3LCD4fontEhh
                0x00000000       0x9a ../../PlatformDrv/Release\libPlatformDrv.a(fonts.o)
 .text._Z6PutStrhPKcRKN3LCD4fontEh
                0x00000000       0x90 ../../PlatformDrv/Release\libPlatformDrv.a(fonts.o)
 .group         0x00000000        0x8 ../../PlatformDrv/Release\libPlatformDrv.a(LcdDrv.o)
 .text          0x00000000        0x0 ../../PlatformDrv/Release\libPlatformDrv.a(LcdDrv.o)
 .data          0x00000000        0x0 ../../PlatformDrv/Release\libPlatformDrv.a(LcdDrv.o)
 .bss           0x00000000        0x0 ../../PlatformDrv/Release\libPlatformDrv.a(LcdDrv.o)
 .text._ZN3LCD12SetBLTimeoutEh
                0x00000000        0x6 ../../PlatformDrv/Release\libPlatformDrv.a(LcdDrv.o)
 .text._Z10SetBLLevelh
                0x00000000        0x8 ../../PlatformDrv/Release\libPlatformDrv.a(LcdDrv.o)
 .text._Z16DisableBLTimeoutv
                0x00000000       0x24 ../../PlatformDrv/Release\libPlatformDrv.a(LcdDrv.o)
 .text._Z15EnableBLTimeoutv
                0x00000000        0x8 ../../PlatformDrv/Release\libPlatformDrv.a(LcdDrv.o)
 .text._ZN3LCD7ClrModeEv
                0x00000000        0x6 ../../PlatformDrv/Release\libPlatformDrv.a(LcdDrv.o)
 .text._ZN3LCD8FillRectEhhhhj
                0x00000000       0x40 ../../PlatformDrv/Release\libPlatformDrv.a(LcdDrv.o)
 .text._ZN3LCD4RectEhhhhj
                0x00000000       0x5c ../../PlatformDrv/Release\libPlatformDrv.a(LcdDrv.o)
 .text._ZN3LCD8SetPixelEhhj
                0x00000000       0x1c ../../PlatformDrv/Release\libPlatformDrv.a(LcdDrv.o)
 .text._ZN3LCD4LineEhhhhh
                0x00000000       0xee ../../PlatformDrv/Release\libPlatformDrv.a(LcdDrv.o)
 .text._ZN3LCD4LineEhhhhj
                0x00000000       0xf2 ../../PlatformDrv/Release\libPlatformDrv.a(LcdDrv.o)
 .text._ZN3LCD6CircleEhhhh
                0x00000000      0x10a ../../PlatformDrv/Release\libPlatformDrv.a(LcdDrv.o)
 .text._ZN3LCD6CircleEhhhj
                0x00000000      0x110 ../../PlatformDrv/Release\libPlatformDrv.a(LcdDrv.o)
 .group         0x00000000        0x8 ../../PlatformDrv/Release\libPlatformDrv.a(PlatformDrv.o)
 .group         0x00000000        0x8 ../../PlatformDrv/Release\libPlatformDrv.a(PlatformDrv.o)
 .group         0x00000000        0x8 ../../PlatformDrv/Release\libPlatformDrv.a(PlatformDrv.o)
 .text          0x00000000        0x0 ../../PlatformDrv/Release\libPlatformDrv.a(PlatformDrv.o)
 .data          0x00000000        0x0 ../../PlatformDrv/Release\libPlatformDrv.a(PlatformDrv.o)
 .bss           0x00000000        0x0 ../../PlatformDrv/Release\libPlatformDrv.a(PlatformDrv.o)
 .text._Z12GetKeySignalv
                0x00000000       0x3e ../../PlatformDrv/Release\libPlatformDrv.a(PlatformDrv.o)
 .data          0x00000000        0x0 ../../PlatformDrv/Release\libPlatformDrv.a(OS_Target_asm.o)
 .bss           0x00000000        0x0 ../../PlatformDrv/Release\libPlatformDrv.a(OS_Target_asm.o)
 .text          0x00000000        0x0 ../../PlatformDrv/Release\libPlatformDrv.a(OS_Target_cpp.o)
 .data          0x00000000        0x0 ../../PlatformDrv/Release\libPlatformDrv.a(OS_Target_cpp.o)
 .bss           0x00000000        0x0 ../../PlatformDrv/Release\libPlatformDrv.a(OS_Target_cpp.o)
 .text          0x00000000        0x0 ../../PlatformDrv/Release\libPlatformDrv.a(OS_Kernel.o)
 .data          0x00000000        0x0 ../../PlatformDrv/Release\libPlatformDrv.a(OS_Kernel.o)
 .bss           0x00000000        0x0 ../../PlatformDrv/Release\libPlatformDrv.a(OS_Kernel.o)
 .text._ZN2OS12TBaseProcess7wake_upEv
                0x00000000       0x3e ../../PlatformDrv/Release\libPlatformDrv.a(OS_Kernel.o)
 .text._ZN2OS12TBaseProcess13force_wake_upEv
                0x00000000       0x3c ../../PlatformDrv/Release\libPlatformDrv.a(OS_Kernel.o)
 .text._ZN2OS12TBaseProcess14reset_controlsEv
                0x00000000       0x30 ../../PlatformDrv/Release\libPlatformDrv.a(OS_Kernel.o)
 .group         0x00000000        0x8 ../../PlatformDrv/Release\libPlatformDrv.a(OS_Services.o)
 .text          0x00000000        0x0 ../../PlatformDrv/Release\libPlatformDrv.a(OS_Services.o)
 .data          0x00000000        0x0 ../../PlatformDrv/Release\libPlatformDrv.a(OS_Services.o)
 .bss           0x00000000        0x0 ../../PlatformDrv/Release\libPlatformDrv.a(OS_Services.o)
 .text._ZN9TCritSectC2Ev
                0x00000000        0xa ../../PlatformDrv/Release\libPlatformDrv.a(OS_Services.o)
 .text._ZN2OS8TService17resume_next_readyERVh
                0x00000000       0x3c ../../PlatformDrv/Release\libPlatformDrv.a(OS_Services.o)
 .text._ZN2OS6TMutex4lockEv
                0x00000000       0x98 ../../PlatformDrv/Release\libPlatformDrv.a(OS_Services.o)
 .text._ZN2OS6TMutex6unlockEv
                0x00000000       0x46 ../../PlatformDrv/Release\libPlatformDrv.a(OS_Services.o)
 .text._ZN2OS8TChannel4pushEh
                0x00000000       0xae ../../PlatformDrv/Release\libPlatformDrv.a(OS_Services.o)
 .text._ZN2OS8TChannel3popEv
                0x00000000       0xb6 ../../PlatformDrv/Release\libPlatformDrv.a(OS_Services.o)
 .text._ZN2OS8TChannel5writeEPKhh
                0x00000000       0xbc ../../PlatformDrv/Release\libPlatformDrv.a(OS_Services.o)
 .text._ZN2OS8TChannel4readEPhh
                0x00000000       0xc8 ../../PlatformDrv/Release\libPlatformDrv.a(OS_Services.o)
 .text._ZN2OS12TBaseMessage4waitEj
                0x00000000       0xe6 ../../PlatformDrv/Release\libPlatformDrv.a(OS_Services.o)
 .text          0x00000000        0x0 ../../PlatformDrv/Release\libPlatformDrv.a(usrlib.o)
 .data          0x00000000        0x0 ../../PlatformDrv/Release\libPlatformDrv.a(usrlib.o)
 .bss           0x00000000        0x0 ../../PlatformDrv/Release\libPlatformDrv.a(usrlib.o)
 .text._ZN3usr5TCbufC2EPhh
                0x00000000       0x10 ../../PlatformDrv/Release\libPlatformDrv.a(usrlib.o)
 .text._ZNK3usr5TCbuf8get_byteEh
                0x00000000       0x2a ../../PlatformDrv/Release\libPlatformDrv.a(usrlib.o)
 .text._ZN3usr5TCbuf4pushEh
                0x00000000       0x24 ../../PlatformDrv/Release\libPlatformDrv.a(usrlib.o)
 .text._ZN3usr5TCbuf5writeEPKhh
                0x00000000       0x62 ../../PlatformDrv/Release\libPlatformDrv.a(usrlib.o)
 .text._ZN3usr5TCbuf3putEh
                0x00000000       0x16 ../../PlatformDrv/Release\libPlatformDrv.a(usrlib.o)
 .text._ZN3usr5TCbuf3popEv
                0x00000000       0x24 ../../PlatformDrv/Release\libPlatformDrv.a(usrlib.o)
 .text._ZN3usr5TCbuf4readEPhh
                0x00000000       0x40 ../../PlatformDrv/Release\libPlatformDrv.a(usrlib.o)
 .text._ZN3usr5TCbuf3getEv
                0x00000000        0xe ../../PlatformDrv/Release\libPlatformDrv.a(usrlib.o)
 .comment       0x00000000       0x31 ../../PlatformDrv/Release\libPlatformDrv.a(usrlib.o)
 .text          0x00000000        0x0 c:/program files (x86)/atmel/atmel toolchain/avr8 gcc/native/3.4.1061/avr8-gnu-toolchain/bin/../lib/gcc/avr/4.8.1/avr5\libgcc.a(_exit.o)
 .data          0x00000000        0x0 c:/program files (x86)/atmel/atmel toolchain/avr8 gcc/native/3.4.1061/avr8-gnu-toolchain/bin/../lib/gcc/avr/4.8.1/avr5\libgcc.a(_exit.o)
 .bss           0x00000000        0x0 c:/program files (x86)/atmel/atmel toolchain/avr8 gcc/native/3.4.1061/avr8-gnu-toolchain/bin/../lib/gcc/avr/4.8.1/avr5\libgcc.a(_exit.o)
 .text.libgcc.mul
                0x00000000        0x0 c:/program files (x86)/atmel/atmel toolchain/avr8 gcc/native/3.4.1061/avr8-gnu-toolchain/bin/../lib/gcc/avr/4.8.1/avr5\libgcc.a(_exit.o)
 .text.libgcc.div
                0x00000000        0x0 c:/program files (x86)/atmel/atmel toolchain/avr8 gcc/native/3.4.1061/avr8-gnu-toolchain/bin/../lib/gcc/avr/4.8.1/avr5\libgcc.a(_exit.o)
 .text.libgcc   0x00000000        0x0 c:/program files (x86)/atmel/atmel toolchain/avr8 gcc/native/3.4.1061/avr8-gnu-toolchain/bin/../lib/gcc/avr/4.8.1/avr5\libgcc.a(_exit.o)
 .text.libgcc.prologue
                0x00000000        0x0 c:/program files (x86)/atmel/atmel toolchain/avr8 gcc/native/3.4.1061/avr8-gnu-toolchain/bin/../lib/gcc/avr/4.8.1/avr5\libgcc.a(_exit.o)
 .text.libgcc.builtins
                0x00000000        0x0 c:/program files (x86)/atmel/atmel toolchain/avr8 gcc/native/3.4.1061/avr8-gnu-toolchain/bin/../lib/gcc/avr/4.8.1/avr5\libgcc.a(_exit.o)
 .text.libgcc.fmul
                0x00000000        0x0 c:/program files (x86)/atmel/atmel toolchain/avr8 gcc/native/3.4.1061/avr8-gnu-toolchain/bin/../lib/gcc/avr/4.8.1/avr5\libgcc.a(_exit.o)
 .text.libgcc.fixed
                0x00000000        0x0 c:/program files (x86)/atmel/atmel toolchain/avr8 gcc/native/3.4.1061/avr8-gnu-toolchain/bin/../lib/gcc/avr/4.8.1/avr5\libgcc.a(_exit.o)
 .text          0x00000000        0x0 c:/program files (x86)/atmel/atmel toolchain/avr8 gcc/native/3.4.1061/avr8-gnu-toolchain/bin/../lib/gcc/avr/4.8.1/avr5\libgcc.a(_copy_data.o)
 .data          0x00000000        0x0 c:/program files (x86)/atmel/atmel toolchain/avr8 gcc/native/3.4.1061/avr8-gnu-toolchain/bin/../lib/gcc/avr/4.8.1/avr5\libgcc.a(_copy_data.o)
 .bss           0x00000000        0x0 c:/program files (x86)/atmel/atmel toolchain/avr8 gcc/native/3.4.1061/avr8-gnu-toolchain/bin/../lib/gcc/avr/4.8.1/avr5\libgcc.a(_copy_data.o)
 .text.libgcc.mul
                0x00000000        0x0 c:/program files (x86)/atmel/atmel toolchain/avr8 gcc/native/3.4.1061/avr8-gnu-toolchain/bin/../lib/gcc/avr/4.8.1/avr5\libgcc.a(_copy_data.o)
 .text.libgcc.div
                0x00000000        0x0 c:/program files (x86)/atmel/atmel toolchain/avr8 gcc/native/3.4.1061/avr8-gnu-toolchain/bin/../lib/gcc/avr/4.8.1/avr5\libgcc.a(_copy_data.o)
 .text.libgcc   0x00000000        0x0 c:/program files (x86)/atmel/atmel toolchain/avr8 gcc/native/3.4.1061/avr8-gnu-toolchain/bin/../lib/gcc/avr/4.8.1/avr5\libgcc.a(_copy_data.o)
 .text.libgcc.prologue
                0x00000000        0x0 c:/program files (x86)/atmel/atmel toolchain/avr8 gcc/native/3.4.1061/avr8-gnu-toolchain/bin/../lib/gcc/avr/4.8.1/avr5\libgcc.a(_copy_data.o)
 .text.libgcc.builtins
                0x00000000        0x0 c:/program files (x86)/atmel/atmel toolchain/avr8 gcc/native/3.4.1061/avr8-gnu-toolchain/bin/../lib/gcc/avr/4.8.1/avr5\libgcc.a(_copy_data.o)
 .text.libgcc.fmul
                0x00000000        0x0 c:/program files (x86)/atmel/atmel toolchain/avr8 gcc/native/3.4.1061/avr8-gnu-toolchain/bin/../lib/gcc/avr/4.8.1/avr5\libgcc.a(_copy_data.o)
 .text.libgcc.fixed
                0x00000000        0x0 c:/program files (x86)/atmel/atmel toolchain/avr8 gcc/native/3.4.1061/avr8-gnu-toolchain/bin/../lib/gcc/avr/4.8.1/avr5\libgcc.a(_copy_data.o)
 .text          0x00000000        0x0 c:/program files (x86)/atmel/atmel toolchain/avr8 gcc/native/3.4.1061/avr8-gnu-toolchain/bin/../lib/gcc/avr/4.8.1/avr5\libgcc.a(_clear_bss.o)
 .data          0x00000000        0x0 c:/program files (x86)/atmel/atmel toolchain/avr8 gcc/native/3.4.1061/avr8-gnu-toolchain/bin/../lib/gcc/avr/4.8.1/avr5\libgcc.a(_clear_bss.o)
 .bss           0x00000000        0x0 c:/program files (x86)/atmel/atmel toolchain/avr8 gcc/native/3.4.1061/avr8-gnu-toolchain/bin/../lib/gcc/avr/4.8.1/avr5\libgcc.a(_clear_bss.o)
 .text.libgcc.mul
                0x00000000        0x0 c:/program files (x86)/atmel/atmel toolchain/avr8 gcc/native/3.4.1061/avr8-gnu-toolchain/bin/../lib/gcc/avr/4.8.1/avr5\libgcc.a(_clear_bss.o)
 .text.libgcc.div
                0x00000000        0x0 c:/program files (x86)/atmel/atmel toolchain/avr8 gcc/native/3.4.1061/avr8-gnu-toolchain/bin/../lib/gcc/avr/4.8.1/avr5\libgcc.a(_clear_bss.o)
 .text.libgcc   0x00000000        0x0 c:/program files (x86)/atmel/atmel toolchain/avr8 gcc/native/3.4.1061/avr8-gnu-toolchain/bin/../lib/gcc/avr/4.8.1/avr5\libgcc.a(_clear_bss.o)
 .text.libgcc.prologue
                0x00000000        0x0 c:/program files (x86)/atmel/atmel toolchain/avr8 gcc/native/3.4.1061/avr8-gnu-toolchain/bin/../lib/gcc/avr/4.8.1/avr5\libgcc.a(_clear_bss.o)
 .text.libgcc.builtins
                0x00000000        0x0 c:/program files (x86)/atmel/atmel toolchain/avr8 gcc/native/3.4.1061/avr8-gnu-toolchain/bin/../lib/gcc/avr/4.8.1/avr5\libgcc.a(_clear_bss.o)
 .text.libgcc.fmul
                0x00000000        0x0 c:/program files (x86)/atmel/atmel toolchain/avr8 gcc/native/3.4.1061/avr8-gnu-toolchain/bin/../lib/gcc/avr/4.8.1/avr5\libgcc.a(_clear_bss.o)
 .text.libgcc.fixed
                0x00000000        0x0 c:/program files (x86)/atmel/atmel toolchain/avr8 gcc/native/3.4.1061/avr8-gnu-toolchain/bin/../lib/gcc/avr/4.8.1/avr5\libgcc.a(_clear_bss.o)
 .text          0x00000000        0x0 c:/program files (x86)/atmel/atmel toolchain/avr8 gcc/native/3.4.1061/avr8-gnu-toolchain/bin/../lib/gcc/avr/4.8.1/avr5\libgcc.a(_ctors.o)
 .data          0x00000000        0x0 c:/program files (x86)/atmel/atmel toolchain/avr8 gcc/native/3.4.1061/avr8-gnu-toolchain/bin/../lib/gcc/avr/4.8.1/avr5\libgcc.a(_ctors.o)
 .bss           0x00000000        0x0 c:/program files (x86)/atmel/atmel toolchain/avr8 gcc/native/3.4.1061/avr8-gnu-toolchain/bin/../lib/gcc/avr/4.8.1/avr5\libgcc.a(_ctors.o)
 .text.libgcc.mul
                0x00000000        0x0 c:/program files (x86)/atmel/atmel toolchain/avr8 gcc/native/3.4.1061/avr8-gnu-toolchain/bin/../lib/gcc/avr/4.8.1/avr5\libgcc.a(_ctors.o)
 .text.libgcc.div
                0x00000000        0x0 c:/program files (x86)/atmel/atmel toolchain/avr8 gcc/native/3.4.1061/avr8-gnu-toolchain/bin/../lib/gcc/avr/4.8.1/avr5\libgcc.a(_ctors.o)
 .text.libgcc   0x00000000        0x0 c:/program files (x86)/atmel/atmel toolchain/avr8 gcc/native/3.4.1061/avr8-gnu-toolchain/bin/../lib/gcc/avr/4.8.1/avr5\libgcc.a(_ctors.o)
 .text.libgcc.prologue
                0x00000000        0x0 c:/program files (x86)/atmel/atmel toolchain/avr8 gcc/native/3.4.1061/avr8-gnu-toolchain/bin/../lib/gcc/avr/4.8.1/avr5\libgcc.a(_ctors.o)
 .text.libgcc.builtins
                0x00000000        0x0 c:/program files (x86)/atmel/atmel toolchain/avr8 gcc/native/3.4.1061/avr8-gnu-toolchain/bin/../lib/gcc/avr/4.8.1/avr5\libgcc.a(_ctors.o)
 .text.libgcc.fmul
                0x00000000        0x0 c:/program files (x86)/atmel/atmel toolchain/avr8 gcc/native/3.4.1061/avr8-gnu-toolchain/bin/../lib/gcc/avr/4.8.1/avr5\libgcc.a(_ctors.o)
 .text.libgcc.fixed
                0x00000000        0x0 c:/program files (x86)/atmel/atmel toolchain/avr8 gcc/native/3.4.1061/avr8-gnu-toolchain/bin/../lib/gcc/avr/4.8.1/avr5\libgcc.a(_ctors.o)
 .text          0x00000000        0x0 c:/program files (x86)/atmel/atmel toolchain/avr8 gcc/native/3.4.1061/avr8-gnu-toolchain/bin/../lib/gcc/avr/4.8.1/avr5\libgcc.a(_tablejump.o)
 .data          0x00000000        0x0 c:/program files (x86)/atmel/atmel toolchain/avr8 gcc/native/3.4.1061/avr8-gnu-toolchain/bin/../lib/gcc/avr/4.8.1/avr5\libgcc.a(_tablejump.o)
 .bss           0x00000000        0x0 c:/program files (x86)/atmel/atmel toolchain/avr8 gcc/native/3.4.1061/avr8-gnu-toolchain/bin/../lib/gcc/avr/4.8.1/avr5\libgcc.a(_tablejump.o)
 .text.libgcc.mul
                0x00000000        0x0 c:/program files (x86)/atmel/atmel toolchain/avr8 gcc/native/3.4.1061/avr8-gnu-toolchain/bin/../lib/gcc/avr/4.8.1/avr5\libgcc.a(_tablejump.o)
 .text.libgcc.div
                0x00000000        0x0 c:/program files (x86)/atmel/atmel toolchain/avr8 gcc/native/3.4.1061/avr8-gnu-toolchain/bin/../lib/gcc/avr/4.8.1/avr5\libgcc.a(_tablejump.o)
 .text.libgcc.prologue
                0x00000000        0x0 c:/program files (x86)/atmel/atmel toolchain/avr8 gcc/native/3.4.1061/avr8-gnu-toolchain/bin/../lib/gcc/avr/4.8.1/avr5\libgcc.a(_tablejump.o)
 .text.libgcc.builtins
                0x00000000        0x0 c:/program files (x86)/atmel/atmel toolchain/avr8 gcc/native/3.4.1061/avr8-gnu-toolchain/bin/../lib/gcc/avr/4.8.1/avr5\libgcc.a(_tablejump.o)
 .text.libgcc.fmul
                0x00000000        0x0 c:/program files (x86)/atmel/atmel toolchain/avr8 gcc/native/3.4.1061/avr8-gnu-toolchain/bin/../lib/gcc/avr/4.8.1/avr5\libgcc.a(_tablejump.o)
 .text.libgcc.fixed
                0x00000000        0x0 c:/program files (x86)/atmel/atmel toolchain/avr8 gcc/native/3.4.1061/avr8-gnu-toolchain/bin/../lib/gcc/avr/4.8.1/avr5\libgcc.a(_tablejump.o)

Memory Configuration

Name             Origin             Length             Attributes
text             0x00000000         0x00020000         xr
data             0x00800060         0x0000ffa0         rw !x
eeprom           0x00810000         0x00010000         rw !x
fuse             0x00820000         0x00000400         rw !x
lock             0x00830000         0x00000400         rw !x
signature        0x00840000         0x00000400         rw !x
user_signatures  0x00850000         0x00000400         rw !x
*default*        0x00000000         0xffffffff

Linker script and memory map

LOAD c:/program files (x86)/atmel/atmel toolchain/avr8 gcc/native/3.4.1061/avr8-gnu-toolchain/bin/../lib/gcc/avr/4.8.1/../../../../avr/lib/avr5/crtm32.o
LOAD test.o
START GROUP
LOAD c:/program files (x86)/atmel/atmel toolchain/avr8 gcc/native/3.4.1061/avr8-gnu-toolchain/bin/../lib/gcc/avr/4.8.1/../../../../avr/lib/avr5\libm.a
LOAD ../../PlatformDrv/Release\libPlatformDrv.a
END GROUP
LOAD c:/program files (x86)/atmel/atmel toolchain/avr8 gcc/native/3.4.1061/avr8-gnu-toolchain/bin/../lib/gcc/avr/4.8.1/avr5\libgcc.a
LOAD c:/program files (x86)/atmel/atmel toolchain/avr8 gcc/native/3.4.1061/avr8-gnu-toolchain/bin/../lib/gcc/avr/4.8.1/../../../../avr/lib/avr5\libm.a
START GROUP
LOAD c:/program files (x86)/atmel/atmel toolchain/avr8 gcc/native/3.4.1061/avr8-gnu-toolchain/bin/../lib/gcc/avr/4.8.1/avr5\libgcc.a
LOAD c:/program files (x86)/atmel/atmel toolchain/avr8 gcc/native/3.4.1061/avr8-gnu-toolchain/bin/../lib/gcc/avr/4.8.1/../../../../avr/lib/avr5\libm.a
LOAD c:/program files (x86)/atmel/atmel toolchain/avr8 gcc/native/3.4.1061/avr8-gnu-toolchain/bin/../lib/gcc/avr/4.8.1/../../../../avr/lib/avr5\libc.a
END GROUP

.hash
 *(.hash)

.dynsym
 *(.dynsym)

.dynstr
 *(.dynstr)

.gnu.version
 *(.gnu.version)

.gnu.version_d
 *(.gnu.version_d)

.gnu.version_r
 *(.gnu.version_r)

.rel.init
 *(.rel.init)

.rela.init
 *(.rela.init)

.rel.text
 *(.rel.text)
 *(.rel.text.*)
 *(.rel.gnu.linkonce.t*)

.rela.text
 *(.rela.text)
 *(.rela.text.*)
 *(.rela.gnu.linkonce.t*)

.rel.fini
 *(.rel.fini)

.rela.fini
 *(.rela.fini)

.rel.rodata
 *(.rel.rodata)
 *(.rel.rodata.*)
 *(.rel.gnu.linkonce.r*)

.rela.rodata
 *(.rela.rodata)
 *(.rela.rodata.*)
 *(.rela.gnu.linkonce.r*)

.rel.data
 *(.rel.data)
 *(.rel.data.*)
 *(.rel.gnu.linkonce.d*)

.rela.data
 *(.rela.data)
 *(.rela.data.*)
 *(.rela.gnu.linkonce.d*)

.rel.ctors
 *(.rel.ctors)

.rela.ctors
 *(.rela.ctors)

.rel.dtors
 *(.rel.dtors)

.rela.dtors
 *(.rela.dtors)

.rel.got
 *(.rel.got)

.rela.got
 *(.rela.got)

.rel.bss
 *(.rel.bss)

.rela.bss
 *(.rela.bss)

.rel.plt
 *(.rel.plt)

.rela.plt
 *(.rela.plt)

.text           0x00000000     0x20fa
 *(.vectors)
 .vectors       0x00000000       0x54 c:/program files (x86)/atmel/atmel toolchain/avr8 gcc/native/3.4.1061/avr8-gnu-toolchain/bin/../lib/gcc/avr/4.8.1/../../../../avr/lib/avr5/crtm32.o
                0x00000000                __vector_default
                0x00000000                __vectors
 *(.vectors)
 *(.progmem.gcc*)
                0x00000054                . = ALIGN (0x2)
                0x00000054                __trampolines_start = .
 *(.trampolines)
 .trampolines   0x00000054        0x0 linker stubs
 *(.trampolines*)
                0x00000054                __trampolines_end = .
 *(.progmem*)
 .progmem.data._ZL8helloCyr
                0x00000054        0xd test.o
 .progmem.data._ZL5hello
                0x00000061        0xe test.o
 .progmem.data._ZL8table6x8
                0x0000006f      0x240 ../../PlatformDrv/Release\libPlatformDrv.a(font6x8.o)
 .progmem.data._ZL9table8x14
                0x000002af      0xc40 ../../PlatformDrv/Release\libPlatformDrv.a(font8x14.o)
 .progmem.data._ZL5init2
                0x00000eef       0x28 ../../PlatformDrv/Release\libPlatformDrv.a(LcdDrv.o)
 .progmem.data._ZL5init1
                0x00000f17       0x14 ../../PlatformDrv/Release\libPlatformDrv.a(LcdDrv.o)
 .progmem.data._ZL16MKeySignalsPress
                0x00000f2b        0xc ../../PlatformDrv/Release\libPlatformDrv.a(PlatformDrv.o)
 .progmem.data._ZL18MKeySignalsRelease
                0x00000f37        0xc ../../PlatformDrv/Release\libPlatformDrv.a(PlatformDrv.o)
 .progmem.data._ZL11MKeyMasks_Y
                0x00000f43        0x3 ../../PlatformDrv/Release\libPlatformDrv.a(PlatformDrv.o)
 .progmem.data._ZL9MKeyMasks
                0x00000f46        0x4 ../../PlatformDrv/Release\libPlatformDrv.a(PlatformDrv.o)
 .progmem.data._ZL15EncTransitTable
                0x00000f4a       0x10 ../../PlatformDrv/Release\libPlatformDrv.a(PlatformDrv.o)
                0x00000f5a                . = ALIGN (0x2)
 *(.jumptables)
 *(.jumptables*)
 *(.lowtext)
 *(.lowtext*)
                0x00000f5a                __ctors_start = .
 *(.ctors)
 .ctors         0x00000f5a        0x2 ../../PlatformDrv/Release\libPlatformDrv.a(LcdDrv.o)
 .ctors         0x00000f5c        0x2 ../../PlatformDrv/Release\libPlatformDrv.a(PlatformDrv.o)
 .ctors         0x00000f5e        0x2 ../../PlatformDrv/Release\libPlatformDrv.a(OS_Target_cpp.o)
 .ctors         0x00000f60        0x2 ../../PlatformDrv/Release\libPlatformDrv.a(OS_Kernel.o)
                0x00000f62                __ctors_end = .
                0x00000f62                __dtors_start = .
 *(.dtors)
                0x00000f62                __dtors_end = .
 SORT(*)(.ctors)
 SORT(*)(.dtors)
 *(.init0)
 .init0         0x00000f62        0x0 c:/program files (x86)/atmel/atmel toolchain/avr8 gcc/native/3.4.1061/avr8-gnu-toolchain/bin/../lib/gcc/avr/4.8.1/../../../../avr/lib/avr5/crtm32.o
                0x00000f62                __init
 *(.init0)
 *(.init1)
 *(.init1)
 *(.init2)
 .init2         0x00000f62        0xc c:/program files (x86)/atmel/atmel toolchain/avr8 gcc/native/3.4.1061/avr8-gnu-toolchain/bin/../lib/gcc/avr/4.8.1/../../../../avr/lib/avr5/crtm32.o
 *(.init2)
 *(.init3)
 *(.init3)
 *(.init4)
 .init4         0x00000f6e       0x16 c:/program files (x86)/atmel/atmel toolchain/avr8 gcc/native/3.4.1061/avr8-gnu-toolchain/bin/../lib/gcc/avr/4.8.1/avr5\libgcc.a(_copy_data.o)
                0x00000f6e                __do_copy_data
 .init4         0x00000f84       0x10 c:/program files (x86)/atmel/atmel toolchain/avr8 gcc/native/3.4.1061/avr8-gnu-toolchain/bin/../lib/gcc/avr/4.8.1/avr5\libgcc.a(_clear_bss.o)
                0x00000f84                __do_clear_bss
 *(.init4)
 *(.init5)
 *(.init5)
 *(.init6)
 .init6         0x00000f94       0x16 c:/program files (x86)/atmel/atmel toolchain/avr8 gcc/native/3.4.1061/avr8-gnu-toolchain/bin/../lib/gcc/avr/4.8.1/avr5\libgcc.a(_ctors.o)
                0x00000f94                __do_global_ctors
 *(.init6)
 *(.init7)
 .init7         0x00000faa       0xc6 ../../PlatformDrv/Release\libPlatformDrv.a(LcdDrv.o)
                0x00000faa                _ZN3LCD4initEv
 *(.init7)
 *(.init8)
 .init8         0x00001070       0x24 ../../PlatformDrv/Release\libPlatformDrv.a(PlatformDrv.o)
                0x00001070                _Z7KeyInitv
 *(.init8)
 *(.init9)
 .init9         0x00001094        0x8 c:/program files (x86)/atmel/atmel toolchain/avr8 gcc/native/3.4.1061/avr8-gnu-toolchain/bin/../lib/gcc/avr/4.8.1/../../../../avr/lib/avr5/crtm32.o
 *(.init9)
 *(.text)
 .text          0x0000109c        0x4 c:/program files (x86)/atmel/atmel toolchain/avr8 gcc/native/3.4.1061/avr8-gnu-toolchain/bin/../lib/gcc/avr/4.8.1/../../../../avr/lib/avr5/crtm32.o
                0x0000109c                __vector_1
                0x0000109c                __vector_12
                0x0000109c                __bad_interrupt
                0x0000109c                __vector_6
                0x0000109c                __vector_3
                0x0000109c                __vector_11
                0x0000109c                __vector_13
                0x0000109c                __vector_17
                0x0000109c                __vector_19
                0x0000109c                __vector_7
                0x0000109c                __vector_5
                0x0000109c                __vector_9
                0x0000109c                __vector_2
                0x0000109c                __vector_15
                0x0000109c                __vector_8
                0x0000109c                __vector_14
                0x0000109c                __vector_10
                0x0000109c                __vector_16
                0x0000109c                __vector_18
                0x0000109c                __vector_20
 .text          0x000010a0       0x9e ../../PlatformDrv/Release\libPlatformDrv.a(OS_Target_asm.o)
                0x000010a0                os_start
                0x000010a6                os_context_switcher
                0x0000113e                . = ALIGN (0x2)
 *(.text.*)
 .text._Z6redrawh
                0x0000113e      0x138 test.o
                0x0000113e                _Z6redrawh
 .text._Z8RTOSMainv
                0x00001276       0x62 test.o
                0x00001276                _Z8RTOSMainv
 .text._Z13put_char6x8_8hhchh
                0x000012d8       0xca ../../PlatformDrv/Release\libPlatformDrv.a(font6x8.o)
                0x000012d8                _Z13put_char6x8_8hhchh
 .text._Z16put_char6x8_8BGLhhch
                0x000013a2       0xc4 ../../PlatformDrv/Release\libPlatformDrv.a(font6x8.o)
                0x000013a2                _Z16put_char6x8_8BGLhhch
 .text._Z14put_char8x14_8hhchh
                0x00001466       0x8c ../../PlatformDrv/Release\libPlatformDrv.a(font8x14.o)
                0x00001466                _Z14put_char8x14_8hhchh
 .text._Z17put_char8x14_8BGLhhch
                0x000014f2       0x98 ../../PlatformDrv/Release\libPlatformDrv.a(font8x14.o)
                0x000014f2                _Z17put_char8x14_8BGLhhch
 .text._ZN3LCD6PutStrEhhPKcRKNS_4fontEhh
                0x0000158a       0x70 ../../PlatformDrv/Release\libPlatformDrv.a(fonts.o)
                0x0000158a                _ZN3LCD6PutStrEhhPKcRKNS_4fontEhh
 .text._ZN3LCD6PutStrEhhPKcRKNS_4fontEh
                0x000015fa       0x64 ../../PlatformDrv/Release\libPlatformDrv.a(fonts.o)
                0x000015fa                _ZN3LCD6PutStrEhhPKcRKNS_4fontEh
 .text._ZN2OS7processILNS_9TPriorityE2ELj45EE4execEv
                0x0000165e       0x5e ../../PlatformDrv/Release\libPlatformDrv.a(LcdDrv.o)
                0x0000165e                _ZN2OS7processILNS_9TPriorityE2ELj45EE4execEv
 .text._ZN3LCD5send8Eh
                0x000016bc        0x8 ../../PlatformDrv/Release\libPlatformDrv.a(LcdDrv.o)
                0x000016bc                _ZN3LCD5send8Eh
 .text._ZN3LCD6send16Ej
                0x000016c4       0x12 ../../PlatformDrv/Release\libPlatformDrv.a(LcdDrv.o)
                0x000016c4                _ZN3LCD6send16Ej
 .text._ZN3LCD10SetCmdModeEv
                0x000016d6        0x8 ../../PlatformDrv/Release\libPlatformDrv.a(LcdDrv.o)
                0x000016d6                _ZN3LCD10SetCmdModeEv
 .text._ZN3LCD10SetDatModeEv
                0x000016de        0x4 ../../PlatformDrv/Release\libPlatformDrv.a(LcdDrv.o)
                0x000016de                _ZN3LCD10SetDatModeEv
 .text._ZN3LCD5WidthEv
                0x000016e2        0x6 ../../PlatformDrv/Release\libPlatformDrv.a(LcdDrv.o)
                0x000016e2                _ZN3LCD5WidthEv
 .text._ZN3LCD6HeightEv
                0x000016e8        0x6 ../../PlatformDrv/Release\libPlatformDrv.a(LcdDrv.o)
                0x000016e8                _ZN3LCD6HeightEv
 .text._ZN3LCD6OrientEv
                0x000016ee        0x6 ../../PlatformDrv/Release\libPlatformDrv.a(LcdDrv.o)
                0x000016ee                _ZN3LCD6OrientEv
 .text._ZN3LCD12SetColorModeE9ColorMode
                0x000016f4       0x3a ../../PlatformDrv/Release\libPlatformDrv.a(LcdDrv.o)
                0x000016f4                _ZN3LCD12SetColorModeE9ColorMode
 .text._ZN3LCD9SetOrientE6orient
                0x0000172e       0x5c ../../PlatformDrv/Release\libPlatformDrv.a(LcdDrv.o)
                0x0000172e                _ZN3LCD9SetOrientE6orient
 .text._ZN3LCD9SetWindowEhhhh
                0x0000178a       0xba ../../PlatformDrv/Release\libPlatformDrv.a(LcdDrv.o)
                0x0000178a                _ZN3LCD9SetWindowEhhhh
 .text._ZN3LCD8FillRectEhhhhh
                0x00001844       0x3c ../../PlatformDrv/Release\libPlatformDrv.a(LcdDrv.o)
                0x00001844                _ZN3LCD8FillRectEhhhhh
 .text._ZN3LCD4RectEhhhhh
                0x00001880       0x54 ../../PlatformDrv/Release\libPlatformDrv.a(LcdDrv.o)
                0x00001880                _ZN3LCD4RectEhhhhh
 .text._ZN3LCD8SetPixelEhhh
                0x000018d4       0x18 ../../PlatformDrv/Release\libPlatformDrv.a(LcdDrv.o)
                0x000018d4                _ZN3LCD8SetPixelEhhh
 .text.startup._GLOBAL__sub_I_BLProc
                0x000018ec       0x12 ../../PlatformDrv/Release\libPlatformDrv.a(LcdDrv.o)
 .text._ZN2OS7processILNS_9TPriorityE3ELj256EE4execEv
                0x000018fe        0x6 ../../PlatformDrv/Release\libPlatformDrv.a(PlatformDrv.o)
                0x000018fe                _ZN2OS7processILNS_9TPriorityE3ELj256EE4execEv
 .text._ZN9TCritSectC2Ev
                0x00001904        0xa ../../PlatformDrv/Release\libPlatformDrv.a(PlatformDrv.o)
                0x00001904                _ZN9TCritSectC1Ev
                0x00001904                _ZN9TCritSectC2Ev
 .text.startup.main
                0x0000190e       0x26 ../../PlatformDrv/Release\libPlatformDrv.a(PlatformDrv.o)
                0x0000190e                main
 .text._ZN2OS7channelI6signalLj64EhE3popERS1_j
                0x00001934      0x16c ../../PlatformDrv/Release\libPlatformDrv.a(PlatformDrv.o)
                0x00001934                _ZN2OS7channelI6signalLj64EhE3popERS1_j
 .text._Z13WaitKeySignalv
                0x00001aa0       0x26 ../../PlatformDrv/Release\libPlatformDrv.a(PlatformDrv.o)
                0x00001aa0                _Z13WaitKeySignalv
 .text._ZN2OS7channelI6signalLj64EhE4pushERKS1_
                0x00001ac6       0xc2 ../../PlatformDrv/Release\libPlatformDrv.a(PlatformDrv.o)
                0x00001ac6                _ZN2OS7channelI6signalLj64EhE4pushERKS1_
 .text._ZN2OS7processILNS_9TPriorityE0ELj40EE4execEv
                0x00001b88       0x74 ../../PlatformDrv/Release\libPlatformDrv.a(PlatformDrv.o)
                0x00001b88                _ZN2OS7processILNS_9TPriorityE0ELj40EE4execEv
 .text._ZN2OS7processILNS_9TPriorityE1ELj48EE4execEv
                0x00001bfc      0x182 ../../PlatformDrv/Release\libPlatformDrv.a(PlatformDrv.o)
                0x00001bfc                _ZN2OS7processILNS_9TPriorityE1ELj48EE4execEv
 .text.startup._GLOBAL__sub_I_EncProc
                0x00001d7e       0x54 ../../PlatformDrv/Release\libPlatformDrv.a(PlatformDrv.o)
 .text._ZN2OS12TBaseProcess16init_stack_frameEPhPFvvE
                0x00001dd2       0x20 ../../PlatformDrv/Release\libPlatformDrv.a(OS_Target_cpp.o)
                0x00001dd2                _ZN2OS12TBaseProcess16init_stack_frameEPhPFvvE
 .text.__vector_4
                0x00001df2       0xdc ../../PlatformDrv/Release\libPlatformDrv.a(OS_Target_cpp.o)
                0x00001df2                __vector_4
 .text.startup._GLOBAL__sub_I__ZN2OS13PrioMaskTableE
                0x00001ece       0x14 ../../PlatformDrv/Release\libPlatformDrv.a(OS_Target_cpp.o)
 .text._ZN2OS7processILNS_9TPriorityE4ELj45EE4execEv
                0x00001ee2        0x4 ../../PlatformDrv/Release\libPlatformDrv.a(OS_Kernel.o)
                0x00001ee2                _ZN2OS7processILNS_9TPriorityE4ELj45EE4execEv
 .text._ZN2OS7TKernel5schedEv
                0x00001ee6       0x4e ../../PlatformDrv/Release\libPlatformDrv.a(OS_Kernel.o)
                0x00001ee6                _ZN2OS7TKernel5schedEv
 .text._ZN2OS12TBaseProcessC2EPhNS_9TPriorityEPFvvE
                0x00001f34       0x22 ../../PlatformDrv/Release\libPlatformDrv.a(OS_Kernel.o)
                0x00001f34                _ZN2OS12TBaseProcessC2EPhNS_9TPriorityEPFvvE
                0x00001f34                _ZN2OS12TBaseProcessC1EPhNS_9TPriorityEPFvvE
 .text._ZN2OS12TBaseProcess5sleepEj
                0x00001f56       0x4a ../../PlatformDrv/Release\libPlatformDrv.a(OS_Kernel.o)
                0x00001f56                _ZN2OS12TBaseProcess5sleepEj
 .text.startup._GLOBAL__sub_I__ZN2OS6KernelE
                0x00001fa0       0x20 ../../PlatformDrv/Release\libPlatformDrv.a(OS_Kernel.o)
 .text._ZN2OS8TService10resume_allERVh
                0x00001fc0       0x44 ../../PlatformDrv/Release\libPlatformDrv.a(OS_Services.o)
                0x00001fc0                _ZN2OS8TService10resume_allERVh
 .text._ZN2OS10TEventFlag4waitEj
                0x00002004       0xe6 ../../PlatformDrv/Release\libPlatformDrv.a(OS_Services.o)
                0x00002004                _ZN2OS10TEventFlag4waitEj
 .text.libgcc   0x000020ea        0xc c:/program files (x86)/atmel/atmel toolchain/avr8 gcc/native/3.4.1061/avr8-gnu-toolchain/bin/../lib/gcc/avr/4.8.1/avr5\libgcc.a(_tablejump.o)
                0x000020ea                __tablejump2__
                0x000020ee                __tablejump__
                0x000020f6                . = ALIGN (0x2)
 *(.fini9)
 .fini9         0x000020f6        0x0 c:/program files (x86)/atmel/atmel toolchain/avr8 gcc/native/3.4.1061/avr8-gnu-toolchain/bin/../lib/gcc/avr/4.8.1/avr5\libgcc.a(_exit.o)
                0x000020f6                _exit
                0x000020f6                exit
 *(.fini9)
 *(.fini8)
 *(.fini8)
 *(.fini7)
 *(.fini7)
 *(.fini6)
 *(.fini6)
 *(.fini5)
 *(.fini5)
 *(.fini4)
 *(.fini4)
 *(.fini3)
 *(.fini3)
 *(.fini2)
 *(.fini2)
 *(.fini1)
 *(.fini1)
 *(.fini0)
 .fini0         0x000020f6        0x4 c:/program files (x86)/atmel/atmel toolchain/avr8 gcc/native/3.4.1061/avr8-gnu-toolchain/bin/../lib/gcc/avr/4.8.1/avr5\libgcc.a(_exit.o)
 *(.fini0)
                0x000020fa                _etext = .

.data           0x00800060       0x12 load address 0x000020fa
                0x00800060                PROVIDE (__data_start, .)
 *(.data)
 *(.data*)
 .data._ZL7BLLevel
                0x00800060        0x1 ../../PlatformDrv/Release\libPlatformDrv.a(LcdDrv.o)
 .data._ZL9BLTimeout
                0x00800061        0x1 ../../PlatformDrv/Release\libPlatformDrv.a(LcdDrv.o)
 .data._ZL12CurColorMode
                0x00800062        0x1 ../../PlatformDrv/Release\libPlatformDrv.a(LcdDrv.o)
 .data._ZL6height
                0x00800063        0x1 ../../PlatformDrv/Release\libPlatformDrv.a(LcdDrv.o)
 .data._ZL5width
                0x00800064        0x1 ../../PlatformDrv/Release\libPlatformDrv.a(LcdDrv.o)
 *(.rodata)
 *(.rodata*)
 .rodata._ZN3LCD7font6x8E
                0x00800065        0x6 ../../PlatformDrv/Release\libPlatformDrv.a(font6x8.o)
                0x00800065                _ZN3LCD7font6x8E
 .rodata._ZN3LCD8font8x14E
                0x0080006b        0x6 ../../PlatformDrv/Release\libPlatformDrv.a(font8x14.o)
                0x0080006b                _ZN3LCD8font8x14E
 *(.gnu.linkonce.d*)
                0x00800072                . = ALIGN (0x2)
 *fill*         0x00800071        0x1 
                0x00800072                _edata = .
                0x00800072                PROVIDE (__data_end, .)

.bss            0x00800072      0x22f
                0x00800072                PROVIDE (__bss_start, .)
 *(.bss)
 *(.bss*)
 .bss.BLProc    0x00800072       0x34 ../../PlatformDrv/Release\libPlatformDrv.a(LcdDrv.o)
                0x00800072                BLProc
 .bss._ZL9CurOrient
                0x008000a6        0x1 ../../PlatformDrv/Release\libPlatformDrv.a(LcdDrv.o)
 .bss.BLFlag    0x008000a7        0x2 ../../PlatformDrv/Release\libPlatformDrv.a(PlatformDrv.o)
                0x008000a7                BLFlag
 .bss.key_ev_qu
                0x008000a9       0x45 ../../PlatformDrv/Release\libPlatformDrv.a(PlatformDrv.o)
                0x008000a9                key_ev_qu
 .bss.UserProc  0x008000ee      0x107 ../../PlatformDrv/Release\libPlatformDrv.a(PlatformDrv.o)
                0x008000ee                UserProc
 .bss.KeybProc  0x008001f5       0x37 ../../PlatformDrv/Release\libPlatformDrv.a(PlatformDrv.o)
                0x008001f5                KeybProc
 .bss.EncProc   0x0080022c       0x2f ../../PlatformDrv/Release\libPlatformDrv.a(PlatformDrv.o)
                0x0080022c                EncProc
 .bss._ZN2OS13PrioMaskTableE
                0x0080025b        0x5 ../../PlatformDrv/Release\libPlatformDrv.a(OS_Target_cpp.o)
                0x0080025b                _ZN2OS13PrioMaskTableE
 .bss._ZN2OS8IdleProcE
                0x00800260       0x34 ../../PlatformDrv/Release\libPlatformDrv.a(OS_Kernel.o)
                0x00800260                _ZN2OS8IdleProcE
 .bss._ZN2OS7TKernel12ProcessTableE
                0x00800294        0xa ../../PlatformDrv/Release\libPlatformDrv.a(OS_Kernel.o)
                0x00800294                _ZN2OS7TKernel12ProcessTableE
 .bss._ZN2OS6KernelE
                0x0080029e        0x3 ../../PlatformDrv/Release\libPlatformDrv.a(OS_Kernel.o)
                0x0080029e                _ZN2OS6KernelE
 *(COMMON)
                0x008002a1                PROVIDE (__bss_end, .)
                0x000020fa                __data_load_start = LOADADDR (.data)
                0x0000210c                __data_load_end = (__data_load_start + SIZEOF (.data))

.noinit         0x008002a1        0x0
                0x008002a1                PROVIDE (__noinit_start, .)
 *(.noinit*)
                0x008002a1                PROVIDE (__noinit_end, .)
                0x008002a1                _end = .
                0x008002a1                PROVIDE (__heap_start, .)

.eeprom         0x00810000        0x0
 *(.eeprom*)
                0x00810000                __eeprom_end = .

.fuse
 *(.fuse)
 *(.lfuse)
 *(.hfuse)
 *(.efuse)

.lock
 *(.lock*)

.signature
 *(.signature*)

.user_signatures
 *(.user_signatures*)

.stab
 *(.stab)

.stabstr
 *(.stabstr)

.stab.excl
 *(.stab.excl)

.stab.exclstr
 *(.stab.exclstr)

.stab.index
 *(.stab.index)

.stab.indexstr
 *(.stab.indexstr)

.comment        0x00000000       0x30
 *(.comment)
 .comment       0x00000000       0x30 test.o
                                 0x31 (size before relaxing)
 .comment       0x00000000       0x31 ../../PlatformDrv/Release\libPlatformDrv.a(font6x8.o)
 .comment       0x00000000       0x31 ../../PlatformDrv/Release\libPlatformDrv.a(font8x14.o)
 .comment       0x00000000       0x31 ../../PlatformDrv/Release\libPlatformDrv.a(fonts.o)
 .comment       0x00000000       0x31 ../../PlatformDrv/Release\libPlatformDrv.a(LcdDrv.o)
 .comment       0x00000000       0x31 ../../PlatformDrv/Release\libPlatformDrv.a(PlatformDrv.o)
 .comment       0x00000000       0x31 ../../PlatformDrv/Release\libPlatformDrv.a(OS_Target_cpp.o)
 .comment       0x00000000       0x31 ../../PlatformDrv/Release\libPlatformDrv.a(OS_Kernel.o)
 .comment       0x00000000       0x31 ../../PlatformDrv/Release\libPlatformDrv.a(OS_Services.o)

.note.gnu.build-id
 *(.note.gnu.build-id)

.debug
 *(.debug)

.line
 *(.line)

.debug_srcinfo
 *(.debug_srcinfo)

.debug_sfnames
 *(.debug_sfnames)

.debug_aranges  0x00000000       0x20
 *(.debug_aranges)
 .debug_aranges
                0x00000000       0x20 ../../PlatformDrv/Release\libPlatformDrv.a(OS_Target_asm.o)

.debug_pubnames
 *(.debug_pubnames)

.debug_info     0x00000000       0x6b
 *(.debug_info .gnu.linkonce.wi.*)
 .debug_info    0x00000000       0x6b ../../PlatformDrv/Release\libPlatformDrv.a(OS_Target_asm.o)

.debug_abbrev   0x00000000       0x14
 *(.debug_abbrev)
 .debug_abbrev  0x00000000       0x14 ../../PlatformDrv/Release\libPlatformDrv.a(OS_Target_asm.o)

.debug_line     0x00000000       0x66
 *(.debug_line .debug_line.* .debug_line_end)
 .debug_line    0x00000000       0x66 ../../PlatformDrv/Release\libPlatformDrv.a(OS_Target_asm.o)

.debug_frame
 *(.debug_frame)

.debug_str
 *(.debug_str)

.debug_loc
 *(.debug_loc)

.debug_macinfo
 *(.debug_macinfo)

.debug_weaknames
 *(.debug_weaknames)

.debug_funcnames
 *(.debug_funcnames)

.debug_typenames
 *(.debug_typenames)

.debug_varnames
 *(.debug_varnames)

.debug_pubtypes
 *(.debug_pubtypes)

.debug_ranges
 *(.debug_ranges)

.debug_macro
 *(.debug_macro)
OUTPUT(test.elf elf32-avr)
LOAD linker stubs
